<?xml version="1.0" encoding="utf-8"?><testsuite errors="0" failures="0" name="pytest" skipped="0" tests="14" time="0.088"><testcase classname="Code.PlayerCharacter_test" file="Code\PlayerCharacter_test.py" line="5" name="test_PlayerCharacter_IncorrectNoParameters" time="0.003"></testcase><testcase classname="Code.PlayerCharacter_test" file="Code\PlayerCharacter_test.py" line="9" name="test_PlayerCharacterArmorClass_CreateCorrectName" time="0.001"></testcase><testcase classname="Code.PlayerCharacter_test" file="Code\PlayerCharacter_test.py" line="12" name="test_PlayerCharacterArmorClasster_CreateIncorrectName" time="0.000"></testcase><testcase classname="Code.PlayerCharacter_test" file="Code\PlayerCharacter_test.py" line="16" name="test_PlayerCharacter_GetCorrectName" time="0.001"></testcase><testcase classname="Code.PlayerCharacter_test" file="Code\PlayerCharacter_test.py" line="20" name="test_PlayerCharacter_RenameCorrectName" time="0.000"></testcase><testcase classname="Code.PlayerCharacter_test" file="Code\PlayerCharacter_test.py" line="25" name="test_PlayerCharacter_RenameIncorrectName" time="0.001"></testcase><testcase classname="Code.PlayerCharacter_test" file="Code\PlayerCharacter_test.py" line="30" name="test_PlayerCharacter_CreateDefaultAlignment" time="0.000"></testcase><testcase classname="Code.PlayerCharacter_test" file="Code\PlayerCharacter_test.py" line="35" name="test_PlayerCharacter_CreateSpecificAlignment" time="0.001"></testcase><testcase classname="Code.PlayerCharacter_test" file="Code\PlayerCharacter_test.py" line="39" name="test_PlayerCharacter_CreateIncorrectAlignment" time="0.001"></testcase><testcase classname="Code.PlayerCharacter_test" file="Code\PlayerCharacter_test.py" line="43" name="test_PlayerCharacter_CreateDefaultArmorClass" time="0.000"></testcase><testcase classname="Code.PlayerCharacter_test" file="Code\PlayerCharacter_test.py" line="47" name="test_PlayerCharacter_CreateSpecifictArmorClass" time="0.001"></testcase><testcase classname="Code.PlayerCharacter_test" file="Code\PlayerCharacter_test.py" line="51" name="test_PlayerCharacter_CreateDefaultHitPoints" time="0.000"></testcase><testcase classname="Code.PlayerCharacter_test" file="Code\PlayerCharacter_test.py" line="55" name="test_PlayerCharacter_CreateSpecifictHitPoints" time="0.001"></testcase><testcase classname="Code.PlayerCharacter_test" file="Code\PlayerCharacter_test.py" line="59" name="test_PlayerCharacter_CanAttack" time="0.001"></testcase></testsuite>